2024-05-13 14:56:51 add_two ok
2024-05-13 14:56:51 half_of ok
2024-05-13 14:57:59 add_two ok
2024-05-13 14:58:20 add_two ok
2024-05-13 14:58:21 half_of ok
2024-05-13 14:59:31 add_two ok
2024-05-13 14:59:31 half_of ok
2024-05-13 14:59:43 add_two ok
2024-05-13 14:59:43 half_of ok
2024-05-13 15:00:51 add_two ok
2024-05-13 15:00:51 half_of ok
2024-05-13 15:44:30 add_two ok
2024-05-13 15:44:30 half_of error: <ZeroDivisionError>. Inputs: (52,), {}
2024-05-13 15:44:39 add_two ok
2024-05-13 15:44:39 half_of error: <ZeroDivisionError>. Inputs: (52,), {}
2024-06-22 23:25:49 add_two ok
2024-06-22 23:25:49 half_of error: <ZeroDivisionError>. Inputs: (52,), {}
